###############################################################################
#
# IAR ELF Linker V8.30.2.160/W32 for ARM                  02/Aug/2019  20:11:54
# Copyright 2007-2018 IAR Systems AB.
#
#    Output file  =  E:\IT_PLUS\MCU\Led_blink\Debug\Exe\Led_blink.out
#    Map file     =  E:\IT_PLUS\MCU\Led_blink\Debug\List\Led_blink.map
#    Command line =  
#        -f C:\Users\lenovo\AppData\Local\Temp\EW1838.tmp
#        (E:\IT_PLUS\MCU\Led_blink\Debug\Obj\main.o
#        E:\IT_PLUS\MCU\Led_blink\Debug\Obj\startup_MKL46Z4.o
#        E:\IT_PLUS\MCU\Led_blink\Debug\Obj\system_MKL46Z4.o --no_out_extension
#        -o E:\IT_PLUS\MCU\Led_blink\Debug\Exe\Led_blink.out --redirect
#        _Printf=_PrintfFullNoMb --redirect _Scanf=_ScanfFullNoMb --map
#        E:\IT_PLUS\MCU\Led_blink\Debug\List\Led_blink.map --config "C:\Program
#        Files (x86)\IAR Systems\Embedded Workbench
#        8.1\arm\config\linker\NXP\MKL46Z256xxx4.icf" --semihosting --entry
#        __iar_program_start --vfe --text_out locale)
#
###############################################################################

*******************************************************************************
*** RUNTIME MODEL ATTRIBUTES
***

CppFlavor       = *
__SystemLibrary = DLib
__dlib_version  = 6


*******************************************************************************
*** HEAP SELECTION
***

The basic heap was selected because no calls to memory allocation
functions were found in the application outside of system library
functions, and there are calls to deallocation functions in the
application.


*******************************************************************************
*** PLACEMENT SUMMARY
***

"A0":  place at 0x0 { ro section .intvec };
"P1":  place in [from 0x0 to 0x3ff] |
                [from 0x410 to 0x3'ffff] { ro };
define block CSTACK with size = 2K, alignment = 8 { };
define block HEAP with size = 4K, alignment = 8 { };
"P3":  place in [from 0x1fff'e000 to 0x1fff'ffff] |
                [from 0x2000'0000 to 0x2000'5fff] {
          rw, block CSTACK, block HEAP };
"P5":  place in [from 0x400 to 0x40f] { section FlashConfig };

No sections matched the following patterns:

  ro section application_specific_ro  in "P2|P4"
  rw                                  in "P3"
  rw section application_specific_rw  in "P2|P4"


  Section      Kind         Address   Size  Object
  -------      ----         -------   ----  ------
"A0":                                 0xc0
  .intvec      ro code          0x0   0xc0  startup_MKL46Z4.o [1]
                             - 0xc0   0xc0

"P1":                                0x17e
  .text        ro code         0xc0   0x88  main.o [1]
  .text        ro code        0x148   0x24  startup_MKL46Z4.o [1]
  .text        ro code        0x16c   0x1e  cmain.o [3]
  .text        ro code        0x18a    0x4  low_level_init.o [2]
  .text        ro code        0x18e    0x8  exit.o [2]
  .text        ro code        0x196    0x2  startup_MKL46Z4.o [1]
  .text        ro code        0x198    0xa  cexit.o [3]
  .text        ro code        0x1a2    0x2  startup_MKL46Z4.o [1]
  .text        ro code        0x1a4   0x14  exit.o [4]
  .text        ro code        0x1b8    0xc  system_MKL46Z4.o [1]
  .text        ro code        0x1c4    0xc  cstartup_M.o [3]
  .text        ro code        0x1d0    0x8  startup_MKL46Z4.o [1]
  .text        ro code        0x1d8    0x8  startup_MKL46Z4.o [1]
  .text        ro code        0x1e0    0x8  startup_MKL46Z4.o [1]
  .text        ro code        0x1e8    0x8  startup_MKL46Z4.o [1]
  .text        ro code        0x1f0    0x8  startup_MKL46Z4.o [1]
  .text        ro code        0x1f8    0x8  startup_MKL46Z4.o [1]
  .text        ro code        0x200    0x8  startup_MKL46Z4.o [1]
  .text        ro code        0x208    0x8  startup_MKL46Z4.o [1]
  .text        ro code        0x210    0x8  startup_MKL46Z4.o [1]
  .text        ro code        0x218    0x8  startup_MKL46Z4.o [1]
  .text        ro code        0x220    0x8  startup_MKL46Z4.o [1]
  .text        ro code        0x228    0x8  startup_MKL46Z4.o [1]
  .text        ro code        0x230    0x8  startup_MKL46Z4.o [1]
  .text        ro code        0x238    0x2  startup_MKL46Z4.o [1]
  .text        ro code        0x23a    0x2  startup_MKL46Z4.o [1]
  .text        ro code        0x23c    0x2  startup_MKL46Z4.o [1]
                            - 0x23e  0x17e

"P5":                                 0x10
  FlashConfig  ro code        0x400   0x10  startup_MKL46Z4.o [1]
                            - 0x410   0x10

"P3":                                0x800
  CSTACK                0x1fff'e000  0x800  <Block>
    CSTACK     uninit   0x1fff'e000  0x800  <Block tail>
                      - 0x1fff'e800  0x800

Unused ranges:

         From           To      Size
         ----           --      ----
        0x23e        0x3ff     0x1c2
        0x410     0x3'ffff  0x3'fbf0
  0x1fff'e800  0x1fff'ffff    0x1800
  0x2000'0000  0x2000'5fff    0x6000



*******************************************************************************
*** MODULE SUMMARY
***

    Module             ro code  rw data
    ------             -------  -------
command line/config:
    -----------------------------------
    Total:

E:\IT_PLUS\MCU\Led_blink\Debug\Obj: [1]
    main.o                 136
    startup_MKL46Z4.o      358
    system_MKL46Z4.o        12
    -----------------------------------
    Total:                 506

dl6M_tln.a: [2]
    exit.o                   8
    low_level_init.o         4
    -----------------------------------
    Total:                  12

rt6M_tl.a: [3]
    cexit.o                 10
    cmain.o                 30
    cstartup_M.o            12
    -----------------------------------
    Total:                  52

shb_l.a: [4]
    exit.o                  20
    -----------------------------------
    Total:                  20

    Linker created                2 048
---------------------------------------
    Grand Total:           590    2 048


*******************************************************************************
*** ENTRY LIST
***

Entry                     Address  Size  Type      Object
-----                     -------  ----  ----      ------
?main                       0x16d        Code  Gb  cmain.o [3]
CSTACK$$Base          0x1fff'e000         --   Gb  - Linker created -
CSTACK$$Limit         0x1fff'e800         --   Gb  - Linker created -
Region$$Table$$Base           0x0         --   Gb  - Linker created -
Region$$Table$$Limit          0x0         --   Gb  - Linker created -
SystemInit                  0x1b9   0x8  Code  Gb  system_MKL46Z4.o [1]
__Vectors                     0x0         --   Gb  startup_MKL46Z4.o [1]
__Vectors_End                0xc0        Data  Gb  startup_MKL46Z4.o [1]
__Vectors_Size {Abs}         0xc0         --   Gb  startup_MKL46Z4.o [1]
__cmain                     0x16d        Code  Gb  cmain.o [3]
__exit                      0x1a5  0x14  Code  Gb  exit.o [4]
__iar_program_start         0x1c5        Code  Gb  cstartup_M.o [3]
__low_level_init            0x18b   0x4  Code  Gb  low_level_init.o [2]
__vector_table                0x0        Data  Gb  startup_MKL46Z4.o [1]
__vector_table_0x1c          0x1c        Data  Gb  startup_MKL46Z4.o [1]
_call_main                  0x179        Code  Gb  cmain.o [3]
_exit                       0x199        Code  Gb  cexit.o [3]
_main                       0x187        Code  Gb  cmain.o [3]
exit                        0x18f   0x8  Code  Gb  exit.o [2]
init_led_button              0xc1  0x3e  Code  Gb  main.o [1]
main                         0xff  0x2a  Code  Gb  main.o [1]


[1] = E:\IT_PLUS\MCU\Led_blink\Debug\Obj
[2] = dl6M_tln.a
[3] = rt6M_tl.a
[4] = shb_l.a

    590 bytes of readonly  code memory
  2 048 bytes of readwrite data memory

Errors: none
Warnings: none
