###############################################################################
#
# IAR ELF Linker V8.30.2.160/W32 for ARM                  28/Aug/2019  20:32:18
# Copyright 2007-2018 IAR Systems AB.
#
#    Output file  =  
#        D:\DATA\data_vbox\workspace\ep\EP0519E\EP0519E_WS\Mcg_project\project\Debug\Exe\Mcg_example.out
#    Map file     =  
#        D:\DATA\data_vbox\workspace\ep\EP0519E\EP0519E_WS\Mcg_project\project\Debug\List\Mcg_example.map
#    Command line =  
#        -f C:\Users\BAOHUN~1\AppData\Local\Temp\EW1689.tmp
#        (D:\DATA\data_vbox\workspace\ep\EP0519E\EP0519E_WS\Mcg_project\project\Debug\Obj\pit_example.o
#        D:\DATA\data_vbox\workspace\ep\EP0519E\EP0519E_WS\Mcg_project\project\Debug\Obj\startup_MKL46Z4.o
#        D:\DATA\data_vbox\workspace\ep\EP0519E\EP0519E_WS\Mcg_project\project\Debug\Obj\system_MKL46Z4.o
#        --no_out_extension -o
#        D:\DATA\data_vbox\workspace\ep\EP0519E\EP0519E_WS\Mcg_project\project\Debug\Exe\Mcg_example.out
#        --map
#        D:\DATA\data_vbox\workspace\ep\EP0519E\EP0519E_WS\Mcg_project\project\Debug\List\Mcg_example.map
#        --config "C:\Program Files (x86)\IAR Systems\Embedded Workbench
#        8.1\arm\config\linker\NXP\MKL46Z256xxx4.icf" --semihosting --entry
#        __iar_program_start --vfe --text_out locale)
#
###############################################################################

*******************************************************************************
*** RUNTIME MODEL ATTRIBUTES
***

CppFlavor       = *
__SystemLibrary = DLib
__dlib_version  = 6


*******************************************************************************
*** HEAP SELECTION
***

The basic heap was selected because no calls to memory allocation
functions were found in the application outside of system library
functions, and there are calls to deallocation functions in the
application.


*******************************************************************************
*** PLACEMENT SUMMARY
***

"A0":  place at 0x0 { ro section .intvec };
"P1":  place in [from 0x0 to 0x3ff] |
                [from 0x410 to 0x3'ffff] { ro };
define block CSTACK with size = 2K, alignment = 8 { };
define block HEAP with size = 4K, alignment = 8 { };
"P3":  place in [from 0x1fff'e000 to 0x1fff'ffff] |
                [from 0x2000'0000 to 0x2000'5fff] {
          rw, block CSTACK, block HEAP };
"P5":  place in [from 0x400 to 0x40f] { section FlashConfig };

No sections matched the following patterns:

  ro section application_specific_ro  in "P2|P4"
  rw section application_specific_rw  in "P2|P4"


  Section          Kind         Address   Size  Object
  -------          ----         -------   ----  ------
"A0":                                     0xc0
  .intvec          ro code          0x0   0xc0  startup_MKL46Z4.o [1]
                                 - 0xc0   0xc0

"P1", part 1 of 2:                         0x0
  .rodata          const           0xc0    0x0  zero_init3.o [3]

"P5":                                     0x10
  FlashConfig      ro code        0x400   0x10  startup_MKL46Z4.o [1]
                                - 0x410   0x10

"P1", part 2 of 2:                       0x43a
  .text            ro code        0x410  0x2d0  pit_example.o [1]
  .text            ro code        0x6e0   0x3c  zero_init3.o [3]
  .text            ro code        0x71c   0x28  data_init.o [3]
  .text            ro code        0x744   0x24  startup_MKL46Z4.o [1]
  .iar.init_table  const          0x768   0x10  - Linker created -
  .text            ro code        0x778   0x1e  cmain.o [3]
  .text            ro code        0x796    0x4  low_level_init.o [2]
  .text            ro code        0x79a    0x8  exit.o [2]
  .text            ro code        0x7a2    0x2  startup_MKL46Z4.o [1]
  .text            ro code        0x7a4    0xa  cexit.o [3]
  .text            ro code        0x7ae    0x2  startup_MKL46Z4.o [1]
  .text            ro code        0x7b0   0x14  exit.o [4]
  .text            ro code        0x7c4    0xc  system_MKL46Z4.o [1]
  .text            ro code        0x7d0    0xc  cstartup_M.o [3]
  .text            ro code        0x7dc    0x8  startup_MKL46Z4.o [1]
  .text            ro code        0x7e4    0x8  startup_MKL46Z4.o [1]
  .text            ro code        0x7ec    0x8  startup_MKL46Z4.o [1]
  .text            ro code        0x7f4    0x8  startup_MKL46Z4.o [1]
  .text            ro code        0x7fc    0x8  startup_MKL46Z4.o [1]
  .text            ro code        0x804    0x8  startup_MKL46Z4.o [1]
  .text            ro code        0x80c    0x8  startup_MKL46Z4.o [1]
  .text            ro code        0x814    0x8  startup_MKL46Z4.o [1]
  .text            ro code        0x81c    0x8  startup_MKL46Z4.o [1]
  .text            ro code        0x824    0x8  startup_MKL46Z4.o [1]
  .text            ro code        0x82c    0x8  startup_MKL46Z4.o [1]
  .text            ro code        0x834    0x8  startup_MKL46Z4.o [1]
  .text            ro code        0x83c    0x8  startup_MKL46Z4.o [1]
  .text            ro code        0x844    0x2  startup_MKL46Z4.o [1]
  .text            ro code        0x846    0x2  startup_MKL46Z4.o [1]
  .text            ro code        0x848    0x2  startup_MKL46Z4.o [1]
                                - 0x84a  0x43a

"P3", part 1 of 2:                        0x7c
  .bss             zero     0x1fff'e000   0x78  pit_example.o [1]
  .bss             zero     0x1fff'e078    0x4  pit_example.o [1]
                          - 0x1fff'e07c   0x7c

"P3", part 2 of 2:                       0x800
  CSTACK                    0x1fff'e080  0x800  <Block>
    CSTACK         uninit   0x1fff'e080  0x800  <Block tail>
                          - 0x1fff'e880  0x800

Unused ranges:

         From           To      Size
         ----           --      ----
         0xc0        0x3ff     0x340
        0x84a     0x3'ffff  0x3'f7b6
  0x1fff'e07c  0x1fff'e07f       0x4
  0x1fff'e880  0x1fff'ffff    0x1780
  0x2000'0000  0x2000'5fff    0x6000


*******************************************************************************
*** INIT TABLE
***

          Address      Size
          -------      ----
Zero (__iar_zero_init3)
    1 destination range, total size 0x7c:
          0x1fff'e000  0x7c



*******************************************************************************
*** MODULE SUMMARY
***

    Module             ro code  ro data  rw data
    ------             -------  -------  -------
command line/config:
    --------------------------------------------
    Total:

D:\DATA\data_vbox\workspace\ep\EP0519E\EP0519E_WS\Mcg_project\project\Debug\Obj: [1]
    pit_example.o          720               124
    startup_MKL46Z4.o      358
    system_MKL46Z4.o        12
    --------------------------------------------
    Total:               1 090               124

dl6M_tln.a: [2]
    exit.o                   8
    low_level_init.o         4
    --------------------------------------------
    Total:                  12

rt6M_tl.a: [3]
    cexit.o                 10
    cmain.o                 30
    cstartup_M.o            12
    data_init.o             40
    zero_init3.o            60
    --------------------------------------------
    Total:                 152

shb_l.a: [4]
    exit.o                  20
    --------------------------------------------
    Total:                  20

    Linker created                   16    2 048
------------------------------------------------
    Grand Total:         1 274       16    2 172


*******************************************************************************
*** ENTRY LIST
***

Entry                       Address  Size  Type      Object
-----                       -------  ----  ----      ------
.iar.init_table$$Base         0x768         --   Gb  - Linker created -
.iar.init_table$$Limit        0x778         --   Gb  - Linker created -
?main                         0x779        Code  Gb  cmain.o [3]
CSTACK$$Base            0x1fff'e080         --   Gb  - Linker created -
CSTACK$$Limit           0x1fff'e880         --   Gb  - Linker created -
FEI_8Mhz                      0x5fb  0x48  Code  Gb  pit_example.o [1]
NVIC_ClearPendingIRQ          0x41f   0xe  Code  Lc  pit_example.o [1]
NVIC_EnableIRQ                0x411   0xe  Code  Lc  pit_example.o [1]
NVIC_SetPriority              0x42d  0x8a  Code  Lc  pit_example.o [1]
PIT_IRQHandler                0x597  0x64  Code  Gb  pit_example.o [1]
PIT_Interrupt_setup           0x57f  0x18  Code  Gb  pit_example.o [1]
Region$$Table$$Base           0x768         --   Gb  - Linker created -
Region$$Table$$Limit          0x778         --   Gb  - Linker created -
SystemInit                    0x7c5   0x8  Code  Gb  system_MKL46Z4.o [1]
__Vectors                       0x0         --   Gb  startup_MKL46Z4.o [1]
__Vectors_End                  0xc0        Data  Gb  startup_MKL46Z4.o [1]
__Vectors_Size {Abs}           0xc0         --   Gb  startup_MKL46Z4.o [1]
__cmain                       0x779        Code  Gb  cmain.o [3]
__exit                        0x7b1  0x14  Code  Gb  exit.o [4]
__iar_data_init3              0x71d  0x28  Code  Gb  data_init.o [3]
__iar_program_start           0x7d1        Code  Gb  cstartup_M.o [3]
__iar_zero_init3              0x6e1  0x3c  Code  Gb  zero_init3.o [3]
__low_level_init              0x797   0x4  Code  Gb  low_level_init.o [2]
__vector_table                  0x0        Data  Gb  startup_MKL46Z4.o [1]
__vector_table_0x1c            0x1c        Data  Gb  startup_MKL46Z4.o [1]
_call_main                    0x785        Code  Gb  cmain.o [3]
_exit                         0x7a5        Code  Gb  cexit.o [3]
_main                         0x793        Code  Gb  cmain.o [3]
add_sw_timer                  0x4b7  0x34  Code  Gb  pit_example.o [1]
blink_led1                    0x535   0xe  Code  Gb  pit_example.o [1]
blink_led2                    0x543   0xc  Code  Gb  pit_example.o [1]
exit                          0x79b   0x8  Code  Gb  exit.o [2]
gsw_timer               0x1fff'e000  0x78  Data  Gb  pit_example.o [1]
init_led                      0x4eb  0x4a  Code  Gb  pit_example.o [1]
init_pit                      0x54f  0x30  Code  Gb  pit_example.o [1]
main                          0x643  0x36  Code  Gb  pit_example.o [1]
tick                    0x1fff'e078   0x4  Data  Gb  pit_example.o [1]


[1] = D:\DATA\data_vbox\workspace\ep\EP0519E\EP0519E_WS\Mcg_project\project\Debug\Obj
[2] = dl6M_tln.a
[3] = rt6M_tl.a
[4] = shb_l.a

  1 274 bytes of readonly  code memory
     16 bytes of readonly  data memory
  2 172 bytes of readwrite data memory

Errors: none
Warnings: none
