###############################################################################
#
# IAR ELF Linker V8.30.2.160/W32 for ARM                  21/Aug/2019  20:15:09
# Copyright 2007-2018 IAR Systems AB.
#
#    Output file  =  
#        D:\DATA\data_vbox\workspace\ep\EP0519E\EP0519E_WS\Mcg_project\project\Debug\Exe\Mcg_example.out
#    Map file     =  
#        D:\DATA\data_vbox\workspace\ep\EP0519E\EP0519E_WS\Mcg_project\project\Debug\List\Mcg_example.map
#    Command line =  
#        -f C:\Users\BAOHUN~1\AppData\Local\Temp\EWE972.tmp
#        (D:\DATA\data_vbox\workspace\ep\EP0519E\EP0519E_WS\Mcg_project\project\Debug\Obj\main.o
#        D:\DATA\data_vbox\workspace\ep\EP0519E\EP0519E_WS\Mcg_project\project\Debug\Obj\startup_MKL46Z4.o
#        D:\DATA\data_vbox\workspace\ep\EP0519E\EP0519E_WS\Mcg_project\project\Debug\Obj\system_MKL46Z4.o
#        --no_out_extension -o
#        D:\DATA\data_vbox\workspace\ep\EP0519E\EP0519E_WS\Mcg_project\project\Debug\Exe\Mcg_example.out
#        --map
#        D:\DATA\data_vbox\workspace\ep\EP0519E\EP0519E_WS\Mcg_project\project\Debug\List\Mcg_example.map
#        --config "C:\Program Files (x86)\IAR Systems\Embedded Workbench
#        8.1\arm\config\linker\NXP\MKL46Z256xxx4.icf" --semihosting --entry
#        __iar_program_start --vfe --text_out locale)
#
###############################################################################

*******************************************************************************
*** RUNTIME MODEL ATTRIBUTES
***

CppFlavor       = *
__SystemLibrary = DLib
__dlib_version  = 6


*******************************************************************************
*** HEAP SELECTION
***

The basic heap was selected because no calls to memory allocation
functions were found in the application outside of system library
functions, and there are calls to deallocation functions in the
application.


*******************************************************************************
*** PLACEMENT SUMMARY
***

"A0":  place at 0x0 { ro section .intvec };
"P1":  place in [from 0x0 to 0x3ff] |
                [from 0x410 to 0x3'ffff] { ro };
define block CSTACK with size = 2K, alignment = 8 { };
define block HEAP with size = 4K, alignment = 8 { };
"P3":  place in [from 0x1fff'e000 to 0x1fff'ffff] |
                [from 0x2000'0000 to 0x2000'5fff] {
          rw, block CSTACK, block HEAP };
"P5":  place in [from 0x400 to 0x40f] { section FlashConfig };

No sections matched the following patterns:

  ro section application_specific_ro  in "P2|P4"
  rw section application_specific_rw  in "P2|P4"


  Section          Kind         Address   Size  Object
  -------          ----         -------   ----  ------
"A0":                                     0xc0
  .intvec          ro code          0x0   0xc0  startup_MKL46Z4.o [1]
                                 - 0xc0   0xc0

"P1", part 1 of 2:                         0x0
  .rodata          const           0xc0    0x0  zero_init3.o [3]

"P5":                                     0x10
  FlashConfig      ro code        0x400   0x10  startup_MKL46Z4.o [1]
                                - 0x410   0x10

"P1", part 2 of 2:                       0x26c
  .text            ro code        0x410  0x104  main.o [1]
  .text            ro code        0x514   0x3c  zero_init3.o [3]
  .text            ro code        0x550   0x28  data_init.o [3]
  .text            ro code        0x578   0x24  startup_MKL46Z4.o [1]
  .iar.init_table  const          0x59c   0x10  - Linker created -
  .text            ro code        0x5ac   0x1e  cmain.o [3]
  .text            ro code        0x5ca    0x4  low_level_init.o [2]
  .text            ro code        0x5ce    0x8  exit.o [2]
  .text            ro code        0x5d6    0x2  startup_MKL46Z4.o [1]
  .text            ro code        0x5d8    0xa  cexit.o [3]
  .text            ro code        0x5e2    0x2  startup_MKL46Z4.o [1]
  .text            ro code        0x5e4   0x14  exit.o [4]
  .text            ro code        0x5f8    0xc  system_MKL46Z4.o [1]
  .text            ro code        0x604    0xc  cstartup_M.o [3]
  .text            ro code        0x610    0x8  startup_MKL46Z4.o [1]
  .text            ro code        0x618    0x8  startup_MKL46Z4.o [1]
  .text            ro code        0x620    0x8  startup_MKL46Z4.o [1]
  .text            ro code        0x628    0x8  startup_MKL46Z4.o [1]
  .text            ro code        0x630    0x8  startup_MKL46Z4.o [1]
  .text            ro code        0x638    0x8  startup_MKL46Z4.o [1]
  .text            ro code        0x640    0x8  startup_MKL46Z4.o [1]
  .text            ro code        0x648    0x8  startup_MKL46Z4.o [1]
  .text            ro code        0x650    0x8  startup_MKL46Z4.o [1]
  .text            ro code        0x658    0x8  startup_MKL46Z4.o [1]
  .text            ro code        0x660    0x8  startup_MKL46Z4.o [1]
  .text            ro code        0x668    0x8  startup_MKL46Z4.o [1]
  .text            ro code        0x670    0x8  startup_MKL46Z4.o [1]
  .text            ro code        0x678    0x2  startup_MKL46Z4.o [1]
  .text            ro code        0x67a    0x2  startup_MKL46Z4.o [1]
                                - 0x67c  0x26c

"P3", part 1 of 2:                         0x4
  .bss             zero     0x1fff'e000    0x4  main.o [1]
                          - 0x1fff'e004    0x4

"P3", part 2 of 2:                       0x800
  CSTACK                    0x1fff'e008  0x800  <Block>
    CSTACK         uninit   0x1fff'e008  0x800  <Block tail>
                          - 0x1fff'e808  0x800

Unused ranges:

         From           To      Size
         ----           --      ----
         0xc0        0x3ff     0x340
        0x67c     0x3'ffff  0x3'f984
  0x1fff'e004  0x1fff'e007       0x4
  0x1fff'e808  0x1fff'ffff    0x17f8
  0x2000'0000  0x2000'5fff    0x6000


*******************************************************************************
*** INIT TABLE
***

          Address      Size
          -------      ----
Zero (__iar_zero_init3)
    1 destination range, total size 0x4:
          0x1fff'e000   0x4



*******************************************************************************
*** MODULE SUMMARY
***

    Module             ro code  ro data  rw data
    ------             -------  -------  -------
command line/config:
    --------------------------------------------
    Total:

D:\DATA\data_vbox\workspace\ep\EP0519E\EP0519E_WS\Mcg_project\project\Debug\Obj: [1]
    main.o                 260                 4
    startup_MKL46Z4.o      356
    system_MKL46Z4.o        12
    --------------------------------------------
    Total:                 628                 4

dl6M_tln.a: [2]
    exit.o                   8
    low_level_init.o         4
    --------------------------------------------
    Total:                  12

rt6M_tl.a: [3]
    cexit.o                 10
    cmain.o                 30
    cstartup_M.o            12
    data_init.o             40
    zero_init3.o            60
    --------------------------------------------
    Total:                 152

shb_l.a: [4]
    exit.o                  20
    --------------------------------------------
    Total:                  20

    Linker created                   16    2 048
------------------------------------------------
    Grand Total:           812       16    2 052


*******************************************************************************
*** ENTRY LIST
***

Entry                       Address  Size  Type      Object
-----                       -------  ----  ----      ------
.iar.init_table$$Base         0x59c         --   Gb  - Linker created -
.iar.init_table$$Limit        0x5ac         --   Gb  - Linker created -
?main                         0x5ad        Code  Gb  cmain.o [3]
CSTACK$$Base            0x1fff'e008         --   Gb  - Linker created -
CSTACK$$Limit           0x1fff'e808         --   Gb  - Linker created -
FEI_8Mhz                      0x475  0x44  Code  Gb  main.o [1]
Region$$Table$$Base           0x59c         --   Gb  - Linker created -
Region$$Table$$Limit          0x5ac         --   Gb  - Linker created -
SysTick_Handler               0x457   0xe  Code  Gb  main.o [1]
SystemInit                    0x5f9   0x8  Code  Gb  system_MKL46Z4.o [1]
__Vectors                       0x0         --   Gb  startup_MKL46Z4.o [1]
__Vectors_End                  0xc0        Data  Gb  startup_MKL46Z4.o [1]
__Vectors_Size {Abs}           0xc0         --   Gb  startup_MKL46Z4.o [1]
__cmain                       0x5ad        Code  Gb  cmain.o [3]
__exit                        0x5e5  0x14  Code  Gb  exit.o [4]
__iar_data_init3              0x551  0x28  Code  Gb  data_init.o [3]
__iar_program_start           0x605        Code  Gb  cstartup_M.o [3]
__iar_zero_init3              0x515  0x3c  Code  Gb  zero_init3.o [3]
__low_level_init              0x5cb   0x4  Code  Gb  low_level_init.o [2]
__vector_table                  0x0        Data  Gb  startup_MKL46Z4.o [1]
__vector_table_0x1c            0x1c        Data  Gb  startup_MKL46Z4.o [1]
_call_main                    0x5b9        Code  Gb  cmain.o [3]
_exit                         0x5d9        Code  Gb  cexit.o [3]
_main                         0x5c7        Code  Gb  cmain.o [3]
delay_ms                      0x465  0x10  Code  Gb  main.o [1]
exit                          0x5cf   0x8  Code  Gb  exit.o [2]
init_led                      0x411  0x2e  Code  Gb  main.o [1]
init_systick                  0x43f  0x18  Code  Gb  main.o [1]
main                          0x4b9  0x24  Code  Gb  main.o [1]
tick                    0x1fff'e000   0x4  Data  Gb  main.o [1]


[1] = D:\DATA\data_vbox\workspace\ep\EP0519E\EP0519E_WS\Mcg_project\project\Debug\Obj
[2] = dl6M_tln.a
[3] = rt6M_tl.a
[4] = shb_l.a

    812 bytes of readonly  code memory
     16 bytes of readonly  data memory
  2 052 bytes of readwrite data memory

Errors: none
Warnings: none
