###############################################################################
#
# IAR ELF Linker V8.30.2.160/W32 for ARM                  31/Jul/2019  19:39:38
# Copyright 2007-2018 IAR Systems AB.
#
#    Output file  =  
#        D:\DATA\Embedded\IT+\EP0519E_WS\Blink_Led\project\Debug\Exe\blink_led.out
#    Map file     =  
#        D:\DATA\Embedded\IT+\EP0519E_WS\Blink_Led\project\Debug\List\blink_led.map
#    Command line =  
#        -f C:\Users\BAOHUN~1\AppData\Local\Temp\EW8352.tmp
#        (D:\DATA\Embedded\IT+\EP0519E_WS\Blink_Led\project\Debug\Obj\blink_led.o
#        D:\DATA\Embedded\IT+\EP0519E_WS\Blink_Led\project\Debug\Obj\startup_MKL46Z4.o
#        D:\DATA\Embedded\IT+\EP0519E_WS\Blink_Led\project\Debug\Obj\system_MKL46Z4.o
#        --no_out_extension -o
#        D:\DATA\Embedded\IT+\EP0519E_WS\Blink_Led\project\Debug\Exe\blink_led.out
#        --map
#        D:\DATA\Embedded\IT+\EP0519E_WS\Blink_Led\project\Debug\List\blink_led.map
#        --config "C:\Program Files (x86)\IAR Systems\Embedded Workbench
#        8.1\arm\config\linker\NXP\MKL46Z256xxx4.icf" --semihosting --entry
#        __iar_program_start --vfe --text_out locale)
#
###############################################################################

*******************************************************************************
*** RUNTIME MODEL ATTRIBUTES
***

CppFlavor       = *
__SystemLibrary = DLib
__dlib_version  = 6


*******************************************************************************
*** HEAP SELECTION
***

The basic heap was selected because no calls to memory allocation
functions were found in the application outside of system library
functions, and there are calls to deallocation functions in the
application.


*******************************************************************************
*** PLACEMENT SUMMARY
***

"A0":  place at 0x0 { ro section .intvec };
"P1":  place in [from 0x0 to 0x3ff] |
                [from 0x410 to 0x3'ffff] { ro };
define block CSTACK with size = 2K, alignment = 8 { };
define block HEAP with size = 4K, alignment = 8 { };
"P3":  place in [from 0x1fff'e000 to 0x1fff'ffff] |
                [from 0x2000'0000 to 0x2000'5fff] {
          rw, block CSTACK, block HEAP };
"P5":  place in [from 0x400 to 0x40f] { section FlashConfig };

No sections matched the following patterns:

  ro section application_specific_ro  in "P2|P4"
  rw                                  in "P3"
  rw section application_specific_rw  in "P2|P4"


  Section      Kind         Address   Size  Object
  -------      ----         -------   ----  ------
"A0":                                 0xc0
  .intvec      ro code          0x0   0xc0  startup_MKL46Z4.o [1]
                             - 0xc0   0xc0

"P1":                                0x17a
  .text        ro code         0xc0   0x84  blink_led.o [1]
  .text        ro code        0x144   0x24  startup_MKL46Z4.o [1]
  .text        ro code        0x168   0x1e  cmain.o [3]
  .text        ro code        0x186    0x4  low_level_init.o [2]
  .text        ro code        0x18a    0x8  exit.o [2]
  .text        ro code        0x192    0x2  startup_MKL46Z4.o [1]
  .text        ro code        0x194    0xa  cexit.o [3]
  .text        ro code        0x19e    0x2  startup_MKL46Z4.o [1]
  .text        ro code        0x1a0   0x14  exit.o [4]
  .text        ro code        0x1b4    0xc  system_MKL46Z4.o [1]
  .text        ro code        0x1c0    0xc  cstartup_M.o [3]
  .text        ro code        0x1cc    0x8  startup_MKL46Z4.o [1]
  .text        ro code        0x1d4    0x8  startup_MKL46Z4.o [1]
  .text        ro code        0x1dc    0x8  startup_MKL46Z4.o [1]
  .text        ro code        0x1e4    0x8  startup_MKL46Z4.o [1]
  .text        ro code        0x1ec    0x8  startup_MKL46Z4.o [1]
  .text        ro code        0x1f4    0x8  startup_MKL46Z4.o [1]
  .text        ro code        0x1fc    0x8  startup_MKL46Z4.o [1]
  .text        ro code        0x204    0x8  startup_MKL46Z4.o [1]
  .text        ro code        0x20c    0x8  startup_MKL46Z4.o [1]
  .text        ro code        0x214    0x8  startup_MKL46Z4.o [1]
  .text        ro code        0x21c    0x8  startup_MKL46Z4.o [1]
  .text        ro code        0x224    0x8  startup_MKL46Z4.o [1]
  .text        ro code        0x22c    0x8  startup_MKL46Z4.o [1]
  .text        ro code        0x234    0x2  startup_MKL46Z4.o [1]
  .text        ro code        0x236    0x2  startup_MKL46Z4.o [1]
  .text        ro code        0x238    0x2  startup_MKL46Z4.o [1]
                            - 0x23a  0x17a

"P5":                                 0x10
  FlashConfig  ro code        0x400   0x10  startup_MKL46Z4.o [1]
                            - 0x410   0x10

"P3":                                0x800
  CSTACK                0x1fff'e000  0x800  <Block>
    CSTACK     uninit   0x1fff'e000  0x800  <Block tail>
                      - 0x1fff'e800  0x800

Unused ranges:

         From           To      Size
         ----           --      ----
        0x23a        0x3ff     0x1c6
        0x410     0x3'ffff  0x3'fbf0
  0x1fff'e800  0x1fff'ffff    0x1800
  0x2000'0000  0x2000'5fff    0x6000



*******************************************************************************
*** MODULE SUMMARY
***

    Module             ro code  rw data
    ------             -------  -------
command line/config:
    -----------------------------------
    Total:

D:\DATA\Embedded\IT+\EP0519E_WS\Blink_Led\project\Debug\Obj: [1]
    blink_led.o            132
    startup_MKL46Z4.o      358
    system_MKL46Z4.o        12
    -----------------------------------
    Total:                 502

dl6M_tln.a: [2]
    exit.o                   8
    low_level_init.o         4
    -----------------------------------
    Total:                  12

rt6M_tl.a: [3]
    cexit.o                 10
    cmain.o                 30
    cstartup_M.o            12
    -----------------------------------
    Total:                  52

shb_l.a: [4]
    exit.o                  20
    -----------------------------------
    Total:                  20

    Linker created                2 048
---------------------------------------
    Grand Total:           586    2 048


*******************************************************************************
*** ENTRY LIST
***

Entry                     Address  Size  Type      Object
-----                     -------  ----  ----      ------
?main                       0x169        Code  Gb  cmain.o [3]
CSTACK$$Base          0x1fff'e000         --   Gb  - Linker created -
CSTACK$$Limit         0x1fff'e800         --   Gb  - Linker created -
Region$$Table$$Base           0x0         --   Gb  - Linker created -
Region$$Table$$Limit          0x0         --   Gb  - Linker created -
SystemInit                  0x1b5   0xc  Code  Gb  system_MKL46Z4.o [1]
__Vectors                     0x0         --   Gb  startup_MKL46Z4.o [1]
__Vectors_End                0xc0        Data  Gb  startup_MKL46Z4.o [1]
__Vectors_Size {Abs}         0xc0         --   Gb  startup_MKL46Z4.o [1]
__cmain                     0x169        Code  Gb  cmain.o [3]
__exit                      0x1a1  0x14  Code  Gb  exit.o [4]
__iar_program_start         0x1c1        Code  Gb  cstartup_M.o [3]
__low_level_init            0x187   0x4  Code  Gb  low_level_init.o [2]
__vector_table                0x0        Data  Gb  startup_MKL46Z4.o [1]
__vector_table_0x1c          0x1c        Data  Gb  startup_MKL46Z4.o [1]
_call_main                  0x175        Code  Gb  cmain.o [3]
_exit                       0x195        Code  Gb  cexit.o [3]
_main                       0x183        Code  Gb  cmain.o [3]
delay                       0x101  0x10  Code  Gb  blink_led.o [1]
exit                        0x18b   0x8  Code  Gb  exit.o [2]
initLed                      0xc1  0x40  Code  Gb  blink_led.o [1]
main                        0x111  0x18  Code  Gb  blink_led.o [1]


[1] = D:\DATA\Embedded\IT+\EP0519E_WS\Blink_Led\project\Debug\Obj
[2] = dl6M_tln.a
[3] = rt6M_tl.a
[4] = shb_l.a

    586 bytes of readonly  code memory
  2 048 bytes of readwrite data memory

Errors: none
Warnings: none
