###############################################################################
#
# IAR ELF Linker V8.30.2.160/W32 for ARM                  11/Sep/2019  21:08:40
# Copyright 2007-2018 IAR Systems AB.
#
#    Output file  =  
#        D:\DATA\data_vbox\workspace\ep\EP0519E\EP0519E_WS\Uart\project\Debug\Exe\uart0_ex.out
#    Map file     =  
#        D:\DATA\data_vbox\workspace\ep\EP0519E\EP0519E_WS\Uart\project\Debug\List\uart0_ex.map
#    Command line =  
#        -f C:\Users\BAOHUN~1\AppData\Local\Temp\EWD0B2.tmp
#        (D:\DATA\data_vbox\workspace\ep\EP0519E\EP0519E_WS\Uart\project\Debug\Obj\main.o
#        D:\DATA\data_vbox\workspace\ep\EP0519E\EP0519E_WS\Uart\project\Debug\Obj\startup_MKL46Z4.o
#        D:\DATA\data_vbox\workspace\ep\EP0519E\EP0519E_WS\Uart\project\Debug\Obj\system_MKL46Z4.o
#        --no_out_extension -o
#        D:\DATA\data_vbox\workspace\ep\EP0519E\EP0519E_WS\Uart\project\Debug\Exe\uart0_ex.out
#        --map
#        D:\DATA\data_vbox\workspace\ep\EP0519E\EP0519E_WS\Uart\project\Debug\List\uart0_ex.map
#        --config "C:\Program Files (x86)\IAR Systems\Embedded Workbench
#        8.1\arm\config\linker\NXP\MKL46Z256xxx4.icf" --semihosting --entry
#        __iar_program_start --vfe --text_out locale)
#
###############################################################################

*******************************************************************************
*** RUNTIME MODEL ATTRIBUTES
***

CppFlavor       = *
__SystemLibrary = DLib
__dlib_version  = 6


*******************************************************************************
*** HEAP SELECTION
***

The basic heap was selected because no calls to memory allocation
functions were found in the application outside of system library
functions, and there are calls to deallocation functions in the
application.


*******************************************************************************
*** PLACEMENT SUMMARY
***

"A0":  place at 0x0 { ro section .intvec };
"P1":  place in [from 0x0 to 0x3ff] |
                [from 0x410 to 0x3'ffff] { ro };
define block CSTACK with size = 2K, alignment = 8 { };
define block HEAP with size = 4K, alignment = 8 { };
"P3":  place in [from 0x1fff'e000 to 0x1fff'ffff] |
                [from 0x2000'0000 to 0x2000'5fff] {
          rw, block CSTACK, block HEAP };
"P5":  place in [from 0x400 to 0x40f] { section FlashConfig };

No sections matched the following patterns:

  ro section application_specific_ro  in "P2|P4"
  rw                                  in "P3"
  rw section application_specific_rw  in "P2|P4"


  Section      Kind         Address   Size  Object
  -------      ----         -------   ----  ------
"A0":                                 0xc0
  .intvec      ro code          0x0   0xc0  startup_MKL46Z4.o [1]
                             - 0xc0   0xc0

"P5":                                 0x10
  FlashConfig  ro code        0x400   0x10  startup_MKL46Z4.o [1]
                            - 0x410   0x10

"P1":                                0x2aa
  .text        ro code        0x410  0x198  main.o [1]
  .text        ro code        0x5a8   0x24  startup_MKL46Z4.o [1]
  .text        ro code        0x5cc   0x1e  cmain.o [3]
  .text        ro code        0x5ea    0x4  low_level_init.o [2]
  .text        ro code        0x5ee    0x8  exit.o [2]
  .text        ro code        0x5f6    0x2  startup_MKL46Z4.o [1]
  .text        ro code        0x5f8    0xa  cexit.o [3]
  .text        ro code        0x602    0x2  startup_MKL46Z4.o [1]
  .text        ro code        0x604   0x14  exit.o [4]
  .rodata      const          0x618   0x1c  main.o [1]
  .text        ro code        0x634    0xc  system_MKL46Z4.o [1]
  .text        ro code        0x640    0xc  cstartup_M.o [3]
  .text        ro code        0x64c    0x8  startup_MKL46Z4.o [1]
  .text        ro code        0x654    0x8  startup_MKL46Z4.o [1]
  .text        ro code        0x65c    0x8  startup_MKL46Z4.o [1]
  .text        ro code        0x664    0x8  startup_MKL46Z4.o [1]
  .text        ro code        0x66c    0x8  startup_MKL46Z4.o [1]
  .text        ro code        0x674    0x8  startup_MKL46Z4.o [1]
  .text        ro code        0x67c    0x8  startup_MKL46Z4.o [1]
  .text        ro code        0x684    0x8  startup_MKL46Z4.o [1]
  .text        ro code        0x68c    0x8  startup_MKL46Z4.o [1]
  .text        ro code        0x694    0x8  startup_MKL46Z4.o [1]
  .text        ro code        0x69c    0x8  startup_MKL46Z4.o [1]
  .text        ro code        0x6a4    0x8  startup_MKL46Z4.o [1]
  .text        ro code        0x6ac    0x8  startup_MKL46Z4.o [1]
  .text        ro code        0x6b4    0x2  startup_MKL46Z4.o [1]
  .text        ro code        0x6b6    0x2  startup_MKL46Z4.o [1]
  .text        ro code        0x6b8    0x2  startup_MKL46Z4.o [1]
                            - 0x6ba  0x2aa

"P3":                                0x800
  CSTACK                0x1fff'e000  0x800  <Block>
    CSTACK     uninit   0x1fff'e000  0x800  <Block tail>
                      - 0x1fff'e800  0x800

Unused ranges:

         From           To      Size
         ----           --      ----
         0xc0        0x3ff     0x340
        0x6ba     0x3'ffff  0x3'f946
  0x1fff'e800  0x1fff'ffff    0x1800
  0x2000'0000  0x2000'5fff    0x6000



*******************************************************************************
*** MODULE SUMMARY
***

    Module             ro code  ro data  rw data
    ------             -------  -------  -------
command line/config:
    --------------------------------------------
    Total:

D:\DATA\data_vbox\workspace\ep\EP0519E\EP0519E_WS\Uart\project\Debug\Obj: [1]
    main.o                 408       28
    startup_MKL46Z4.o      358
    system_MKL46Z4.o        12
    --------------------------------------------
    Total:                 778       28

dl6M_tln.a: [2]
    exit.o                   8
    low_level_init.o         4
    --------------------------------------------
    Total:                  12

rt6M_tl.a: [3]
    cexit.o                 10
    cmain.o                 30
    cstartup_M.o            12
    --------------------------------------------
    Total:                  52

shb_l.a: [4]
    exit.o                  20
    --------------------------------------------
    Total:                  20

    Linker created                         2 048
------------------------------------------------
    Grand Total:           862       28    2 048


*******************************************************************************
*** ENTRY LIST
***

Entry                     Address  Size  Type      Object
-----                     -------  ----  ----      ------
?main                       0x5cd        Code  Gb  cmain.o [3]
CSTACK$$Base          0x1fff'e000         --   Gb  - Linker created -
CSTACK$$Limit         0x1fff'e800         --   Gb  - Linker created -
FEI_8Mhz                    0x4c1  0x44  Code  Gb  main.o [1]
Region$$Table$$Base           0x0         --   Gb  - Linker created -
Region$$Table$$Limit          0x0         --   Gb  - Linker created -
SystemInit                  0x635   0x8  Code  Gb  system_MKL46Z4.o [1]
__Vectors                     0x0         --   Gb  startup_MKL46Z4.o [1]
__Vectors_End                0xc0        Data  Gb  startup_MKL46Z4.o [1]
__Vectors_Size {Abs}         0xc0         --   Gb  startup_MKL46Z4.o [1]
__cmain                     0x5cd        Code  Gb  cmain.o [3]
__exit                      0x605  0x14  Code  Gb  exit.o [4]
__iar_program_start         0x641        Code  Gb  cstartup_M.o [3]
__low_level_init            0x5eb   0x4  Code  Gb  low_level_init.o [2]
__vector_table                0x0        Data  Gb  startup_MKL46Z4.o [1]
__vector_table_0x1c          0x1c        Data  Gb  startup_MKL46Z4.o [1]
_call_main                  0x5d9        Code  Gb  cmain.o [3]
_exit                       0x5f9        Code  Gb  cexit.o [3]
_main                       0x5e7        Code  Gb  cmain.o [3]
exit                        0x5ef   0x8  Code  Gb  exit.o [2]
init_uart0                  0x43d  0x84  Code  Gb  main.o [1]
init_uart0_pin              0x411  0x2c  Code  Gb  main.o [1]
main                        0x53f  0x16  Code  Gb  main.o [1]
putchar                     0x505  0x18  Code  Gb  main.o [1]
putstr                      0x51d  0x22  Code  Gb  main.o [1]


[1] = D:\DATA\data_vbox\workspace\ep\EP0519E\EP0519E_WS\Uart\project\Debug\Obj
[2] = dl6M_tln.a
[3] = rt6M_tl.a
[4] = shb_l.a

    862 bytes of readonly  code memory
     28 bytes of readonly  data memory
  2 048 bytes of readwrite data memory

Errors: none
Warnings: none
